// Jest Snapshot v1, https://goo.gl/fbAQLP

exports[`Pruebas en <SearchPage /> debe de mostrarse correctamente con valores por defecto 1`] = `
<div>
  <h1>
    Search
  </h1>
  <hr />
  <div
    class="row"
  >
    <div
      class="col-5"
    >
      <h4>
        Looking for a hero?
      </h4>
      <hr />
      <form
        aria-label="form"
      >
        <input
          autocomplete="off"
          class="form-control"
          name="searchText"
          placeholder="Search a hero..."
          type="text"
          value="batman"
        />
      </form>
    </div>
    <div
      class="col-7"
    >
      <h4>
        Results
      </h4>
      <hr />
      <div
        aria-label="default-message"
        class="alert alert-primary animate__animated animate__fadeIn"
        style="display: none;"
      >
        Search a hero...
      </div>
      <div
        aria-label="not-found"
        class="alert alert-danger animate__animated animate__fadeIn"
        style="display: none;"
      >
        No results found for 
        <b>
          batman
        </b>
        .
      </div>
      <div
        class="col"
      >
        <div
          class="card animate__animated animate__fadeIn"
        >
          <div
            class="row no-gutters"
          >
            <div
              class="col-4"
            >
              <img
                alt="Batman"
                class="card-img"
                src="/assets/heroes/dc-batman.jpg"
              />
            </div>
            <div
              class="col-8"
            >
              <div
                class="card-body"
              >
                <h5
                  class="card-title"
                >
                  Batman
                </h5>
                <p
                  class="card-text"
                >
                  Bruce Wayne
                </p>
                <p
                  class="card-text"
                >
                  <small
                    class="text-muted"
                  >
                    Detective Comics #27
                  </small>
                </p>
                <a
                  href="/hero/dc-batman"
                >
                  Leer m√°s...
                </a>
              </div>
            </div>
          </div>
        </div>
      </div>
    </div>
  </div>
</div>
`;
